⫶ daimon │ /home/user/project · main │ model claude-3-5 · mode build                                     $0.00 · ● ready
────────────────────────────────────────────────────────────────────────────────────────────────────────────────────────











                ▄▄▄▄▄                                                        
              ▄█▀   ▀█▄    ▐█▌                                               
             █▀       ▀█   ▐█▌  ┌───────────────────────────────────┐        
            █▀  ▄▄▄    █   ▐█▌  │  daimon · v0.4.2 · MIT             │        
            █  ▐█ █▌   █   ▐█▌  │  agent runtime, on your hardware   │        
            █▄  ▀▀▀    █   ▐█▌  └───────────────────────────────────┘        
             █▄       ▄█   ▐█▌                                               
              ▀█▄▄▄▄▄█▀     ▀                                                

                               speak, and daimon listens.
┌──────────────────────────────────────────────────────────────────────────────────────────────────────────────────────┐
│ › add a follow-up, or ⌃C to interrupt…                                                                            …  │
│ ⇥ mode    @ mention file    # add to memory    ⌃R retry                                      [BUILD MODE] / comman…  │
└──────────────────────────────────────────────────────────────────────────────────────────────────────────────────────┘
────────────────────────────────────────────────────────────────────────────────────────────────────────────────────────
/ commands   ⇥ switch agent   ⌃P palette   ? help                                                        daimon listens.