⫶ · /home/user/project · main                 claude-3-5 · build · $0.00 · ready






                    ⫶ daimon
             your embedded AI agent

┌──────────────────────────────────────────────────────────────────────────────┐
│ › > message daimon…                                                          │
└──────────────────────────────────────────────────────────────────────────────┘
enter: send  ctrl+c: quit  tab: sessions  ^t: tools