⫶ daimon │ /home/user/project · main │ model claude-3-5 · mode … $0.00 · ● ready
────────────────────────────────────────────────────────────────────────────────





                    ⫶ daimon

┌──────────────────────────────────────────────────────────────────────────────┐
│ › add a follow-up, or ⌃C to interrupt…                                    …  │
│ ⇥ mode    @ mention file    # add to memory    ⌃R retry [BUILD MODE] / com…  │
└──────────────────────────────────────────────────────────────────────────────┘
────────────────────────────────────────────────────────────────────────────────
/ commands   ⇥ switch agent   ⌃P palette   ? help                daimon listens.