⫶ daimon │ /home/user/project · main │ model claude-3-5 · mode … $0.00 · ● ready
────────────────────────────────────────────────────────────────────────────────





                    ⫶ daimon
             your embedded AI agent

┌──────────────────────────────────────────────────────────────────────────────┐
│ › add a follow-up, or ⌃C to interrupt…                                    …  │
│ ⇥ /commands    @ mention file    # add to memory    ⌃R retry [BUILD MODE] …  │
└──────────────────────────────────────────────────────────────────────────────┘
────────────────────────────────────────────────────────────────────────────────
enter send   ⌃C quit   ⇥ sessions   ^t tools                     daimon listens.